
> baristachaw@1.0.0 test:unit
> node --experimental-strip-types --import ./tests/unit/register-sandbox-loader.mjs --test --test-isolation=none tests/unit/**/*.test.ts tests/unit/mobileAuthHandler.test.ts

node.exe : [account/aiAccess][ai-gate-quota-rpc-outage] quota_unavailable_soft_open feature=chat quotaKind=ai 
details="Supabase rpc/consume_app_quota returned 404: {"message":"Could not find function public.consume_app_quota"}"
At line:1 char:1
+ & "C:\Program Files\nodejs/node.exe" "C:\Program Files\nodejs/node_mo ...
+ ~~~~~~~~~~~~~~~~~~~~~~~~~~~~~~~~~~~~~~~~~~~~~~~~~~~~~~~~~~~~~~~~~~~~~
    + CategoryInfo          : NotSpecified: ([account/aiAcce...me_app_quota"}":String) [], RemoteException
    + FullyQualifiedErrorId : NativeCommandError
 
Γ£ö account export returns own account data and writes audit (18.485ms)
Γ£ö account delete soft-blocks user, writes critical audit, and clears cookies (3.0084ms)
Γ£ö account status rejects anonymous users (1.3599ms)
Γ£ö account status returns plan and runtime maintenance flags for mobile (2.4983ms)
Γ£ö account status limits paid plan when billing provider is missing (3.6756ms)
Γ£ö account status prefers active provider entitlement over app user fallback (2.7454ms)
Γ£ö admin copy exposes localized production-critical labels for every language option (2.3645ms)
Γ£ö Indonesian admin copy replaces raw operational enums with friendly labels (1.1805ms)
Γ£ö language-sensitive source files do not contain placeholder mojibake (5.1631ms)
Γ£ö AI Brew normal user copy hides provider internals and old engine labels (6.9429ms)
Γ£ö admin management rejects authenticated non-admin users (2.9928ms)
Γ£ö admin management returns runtime snapshot for allowlisted owner (6.3231ms)
Γ£ö admin management exposes AI provider inventory without leaking server keys (3.3081ms)
Γ£ö admin management exposes AI Brew provider usage without prompt or key leakage (16.0762ms)
Γ£ö admin management patch updates runtime users and records audit (5.5013ms)
Γ£ö admin management patch updates runtime billing controls (4.0861ms)
Γ£ö admin management applies receipt-received billing as provisional manual review (4.1611ms)
Γ£ö admin management requires support note for direct plan overrides (2.2601ms)
Γ£ö admin management makes direct paid plan overrides billing coherent (3.0912ms)
Γ£ö admin management requires support note before activating paid billing (1.9623ms)
Γ£ö admin management prevents signed-in admin self lockout (1.7769ms)
Γ£ö admin management denies analyst mutations (1.7281ms)
Γ£ö admin management prevents non-owner admins from granting owner access (2.3168ms)
Γ£ö admin management keeps support admins out of account status changes (2.0244ms)
Γ£ö admin management fails closed when Supabase user write fails (3.8937ms)
Γ£ö admin management updates runtime plan catalog and records audit (3.7242ms)
Γ£ö admin management requires operator note for plan catalog changes (1.5538ms)
Γ£ö admin management denies analyst plan catalog mutations (1.8039ms)
Γ£ö admin management fails closed when Supabase plan write fails (2.1615ms)
Γ£ö admin management queues runtime catalog database requests (3.5675ms)
Γ£ö admin management requires operator reason for critical account changes (8.7309ms)
Γ£ö admin management accepts critical account changes with operator reason (2.912ms)
Γ£ö admin management rejects duplicate usernames (2.848ms)
Γ£ö admin management accepts unique username changes (2.9439ms)
Γ£ö admin management rejects reserved usernames (1.2291ms)
Γ£ö admin management rejects invalid role values instead of defaulting them (1.6114ms)
Γ£ö admin management requires operator message for unavailable feature flags (1.5302ms)
Γ£ö admin management rejects unknown feature flag keys (1.3994ms)
Γ£ö admin management rejects invalid feature flag statuses (1.479ms)
Γ£ö admin management accepts disabled feature flags with operator message (4.1625ms)
Γ£ö admin management can disable an AI provider with a safe audit trail (2.4751ms)
Γ£ö admin management patch updates runtime maintenance flags (2.5918ms)
Γ£ö admin management schema includes billing-ready plan and user columns (1.8599ms)
Γ£ö admin management schema supports app store and realtime entitlement sync (1.3377ms)
Γ£ö admin management schema includes atomic app quota consumption RPC (1.1397ms)
Γ£ö production verification explicitly checks consume_app_quota RPC (0.9481ms)
Γ£ö paid AI access rejects guest sessions before account lookup (1.1529ms)
Γ£ö paid AI access requires the minimum paid plan for free users (1.1544ms)
Γ£ö paid AI access lets starter and higher plans continue (1.1122ms)
Γ£ö paid AI quota enforcement requires Supabase account status (1.0643ms)
Γ£ö paid AI quota enforcement blocks exhausted daily quota (2.7115ms)
Γ£ö paid AI quota enforcement soft-opens quota RPC outage for verified paid users (2.1787ms)
Γ£ö paid AI quota enforcement can fail closed on quota RPC outage in strict mode (2.1538ms)
Γ£ö paid AI access normalizes client platform surface safely (0.929ms)
(node:11740) [MODULE_TYPELESS_PACKAGE_JSON] Warning: Module type of 
file:///C:/Users/Alpha/Downloads/Baristachaw/apps/mobile/src/services/apiClient.ts is not specified and it doesn't 
parse as CommonJS.
Reparsing as ES module because module syntax was detected. This incurs a performance overhead.
To eliminate this warning, add "type": "module" to C:\Users\Alpha\Downloads\Baristachaw\apps\mobile\package.json.
(Use `node --trace-warnings ...` to show where the warning was created)
[api/ai][6a75eb32-655c-4fa7-bdf1-00d72278ae77] action=deep_think mode=deep resolved_language=en verbosity=comprehensive format=steps tone=professional platform=web
[api/ai][6a75eb32-655c-4fa7-bdf1-00d72278ae77] action=deep_think compat_fallback_fail provider=DEEPSEEK details="No 
DEEPSEEK API keys available"
[api/ai][6a75eb32-655c-4fa7-bdf1-00d72278ae77] action=deep_think compat_fallback_fail provider=MISTRAL details="No 
MISTRAL API keys available"
[api/ai][6a75eb32-655c-4fa7-bdf1-00d72278ae77] action=deep_think compat_fallback_fail provider=OPENROUTER details="No 
OPENROUTER API keys available"
[api/ai][6a75eb32-655c-4fa7-bdf1-00d72278ae77] action=deep_think compat_fallback_fail provider=OPENAI details="No 
OPENAI API keys available"
[api/ai][6a75eb32-655c-4fa7-bdf1-00d72278ae77] action=deep_think compat_fallback_fail provider=DEEPSEEK details="No 
DEEPSEEK API keys available"
[api/ai][6a75eb32-655c-4fa7-bdf1-00d72278ae77] action=deep_think compat_fallback_fail provider=MISTRAL details="No 
MISTRAL API keys available"
[api/ai][6a75eb32-655c-4fa7-bdf1-00d72278ae77] action=deep_think compat_fallback_fail provider=OPENROUTER details="No 
OPENROUTER API keys available"
[api/ai][6a75eb32-655c-4fa7-bdf1-00d72278ae77] action=deep_think compat_fallback_fail provider=OPENAI details="No 
OPENAI API keys available"
[api/ai][6a75eb32-655c-4fa7-bdf1-00d72278ae77] action=deep_think ok latency=149ms provider=CHAT_PROXY mode=fallback grounded=0 fallback_used=1 deep_quality_pass=1 source_count=0 degraded=1
[api/ai][c245a68f-8118-4882-89e7-d9ad6c3d534c] action=deep_think mode=deep resolved_language=en verbosity=comprehensive format=steps tone=professional platform=web
[api/ai][c245a68f-8118-4882-89e7-d9ad6c3d534c] action=deep_think compat_fallback_fail provider=DEEPSEEK details="No 
DEEPSEEK API keys available"
[api/ai][c245a68f-8118-4882-89e7-d9ad6c3d534c] action=deep_think compat_fallback_fail provider=MISTRAL details="No 
MISTRAL API keys available"
[api/ai][c245a68f-8118-4882-89e7-d9ad6c3d534c] action=deep_think compat_fallback_fail provider=OPENROUTER details="No 
OPENROUTER API keys available"
[api/ai][c245a68f-8118-4882-89e7-d9ad6c3d534c] action=deep_think compat_fallback_fail provider=OPENAI details="No 
OPENAI API keys available"
[api/ai][c245a68f-8118-4882-89e7-d9ad6c3d534c] action=deep_think local_fallback_used details="No OPENAI API keys 
available"
[api/ai][c245a68f-8118-4882-89e7-d9ad6c3d534c] action=deep_think ok latency=4ms provider=LOCAL mode=fallback grounded=0 fallback_used=1 deep_quality_pass=1 source_count=0 degraded=1
Γ£ö AeroPress every style is target-aware, roast-aware, and copy-safe (3832.0557ms)
Γ£ö AeroPress measured bypass matrix is target-aware, realistic, and leak-free (4466.7432ms)
Γ£ö ai brew catalog data maintains cross-file integrity and expanded coverage (18.0177ms)
Γ£ö Indonesia water catalog keeps low-mineral and refill water honest (2.7988ms)
Γ£ö AI Brew coffee taxonomy catalog stays deduped, encoded cleanly, and risk-tagged (5.5047ms)
Γ£ö AI Brew catalog provenance dates do not point past the current release date (9.1558ms)
Γ£ö AI Brew cloud sync skips localhost before making a network call (1.0543ms)
Γ£ö AI Brew quick mode keeps Switch setup compact and single-source-of-truth (2.0617ms)
Γ£ö AI Brew quick mode keeps optional bean detail and AI tools collapsed (1.6526ms)
Γ£ö AI Brew mobile result has a compact action bar (2.0295ms)
Γ£ö AI Brew Pro mode uses visible bean detail and controlled accordions (3.2847ms)
Γ£ö AI Brew generated result uses compact tabs before dense detail (2.5393ms)
Γ£ö AI Brew Brew Guide has Lite and Pro modes with Lite as the safe default (3.7188ms)
Γ£ö AI Brew English production copy avoids Indonesian leakage and developer phrasing (1.3864ms)
Γ£ö AI Brew Pro keeps advanced AI tools collapsed and no AI auto-run (2.8399ms)
Γ£ö AI Brew Indonesian release copy localizes critical trust and safety labels (2.2065ms)
Γ£ö AI Brew exposes explicit mobile time semantics instead of one misleading total (1.8244ms)
Γ£ö AI Brew result summary promotes style and highlights split water (1.2512ms)
Γ£ö AI Brew live flow uses action-aware next labels and agitation instead of final ratio in compact chips (1.775ms)
Γ£ö AI Brew prediction confidence area stays compact and scan-friendly (1.8115ms)
Γ£ö AI Brew public timing copy and timer handoff use extraction time, not guide finish time (2.8583ms)
Γ£ö AI Brew shows main recipe time and completion time as separate public metrics (1.1604ms)
Γ£ö AI Brew pour-over timing labels drawdown finish instead of generic extraction (0.8672ms)
Γ£ö AI Brew guide details stay deduped and barista-actionable (2.172ms)
Γ£ö AI Brew pickers keep catalog metadata out of user-facing choice rows (3.0565ms)
Γ£ö AI Brew quick Seduh tab stays timer-first without duplicate process list (1.1996ms)
Γ£ö AI Brew result metrics use one consistent production order (1.2604ms)
Γ£ö AI Brew fullscreen builders can suppress the mobile bottom nav in iOS PWA (0.9272ms)
Γ£ö AI Brew quick water summary hides raw mineral chemistry (1.4278ms)
Γ£ö AI access gate refresh has a visible sync state (1.3566ms)
Γ£ö deterministic sequence changes by context (iced vs hot) (2.8433ms)
Γ£ö sequence overlay accepts Indonesian section headings without losing step instructions (1.6861ms)
Γ£ö validator accepts iced final ratio and hot concentrate ratio in the deterministic envelope (12.7508ms)
Γ£ö deterministic sequence changes by method family, not only numbers (1.2365ms)
Γ£ö deterministic narratives validate non pour-over method checkpoints (7.1654ms)
Γ£ö method brief gives non pour-over methods usable barista-facing focus (1.4239ms)
Γ£ö validator rejects placeholders and envelope violations (2.1038ms)
Γ£ö validator rejects chemistry claims outside planner envelope (1.9038ms)
Γ£ö validator rejects cumulative target drift from deterministic envelope (7.4132ms)
Γ£ö hybrid composer falls back to deterministic sequence on invalid ai output (2.1772ms)
Γ£ö hybrid composer maps service failure text to ai_unavailable fallback (1.131ms)
Γ£ö hybrid composer accepts valid structured ai output inside envelope (1.4927ms)
Γ£ö validator rejects sequence that conflicts with easy extraction pressure profile cues (1.424ms)
Γ£ö validator rejects sequence when hold distribution conflicts with deterministic cadence profile (1.5395ms)
Γ£ö validator rejects sequence step without post-pour control action (1.1785ms)
Γ£ö validator rejects sequence line that misses deterministic volume reference (2.4046ms)
Γ£ö validator rejects non-canonical deterministic prefix order even when values are present (2.1032ms)
Γ£ö validator rejects sequence when deterministic step times are shifted even with matching cadence gaps (1.9831ms)
Γ£ö validator rejects post-brew dilution top-up instructions inside sequence steps (1.2616ms)
Γ£ö validator rejects extra absolute clock timestamps inside one step line (1.1976ms)
Γ£ö validator rejects extra steps outside deterministic sequence envelope (1.2685ms)
Γ£ö validator rejects sequence heading order mismatch (1.2135ms)
Γ£ö validator rejects sequence when context anchors exist only outside step lines (1.2086ms)
Γ£ö validator rejects monotonous sequence actions (1.4113ms)
Γ£ö hybrid composer maps overloaded model text to ai_unavailable fallback (1.0594ms)
Γ£ö hybrid composer marks unavailable ai output with explicit fallback reason (0.8228ms)
Γ£ö validator does not treat sequence timestamp as brew ratio (2.059ms)
Γ£ö validator rejects immersion-only workflow terms for non-immersion drippers (1.3983ms)
Γ£ö validator rejects unsupported hardware/tool instructions inside sequence steps (1.2392ms)
Γ£ö hybrid composer normalizes code-fenced AI output before validation (1.2055ms)
Γ£ö validator rejects sequence when context anchors are concentrated in one step only (1.1288ms)
Γ£ö validator rejects sequence cadence drift even when per-step timestamp deltas still pass (1.1458ms)
Γ£ö validator rejects sequence step labels that do not follow deterministic checkpoint labels (1.1645ms)
Γ£ö validator rejects sequence that references conflicting dripper method cues (1.134ms)
Γ£ö hybrid composer classifies timeout-like model responses as ai_timeout fallback (0.8542ms)
Γ£ö validator rejects sop quick dial values that drift from deterministic envelope (1.7583ms)
Γ£ö validator rejects V60 SOP quick dial that calls drawdown finish extraction time (1.2216ms)
Γ£ö hybrid composer does not treat structured narrative with operational try-again wording as ai_unavailable (1.1166ms)
Γ£ö hybrid composer classifies generic timeout wording as ai_timeout fallback (0.9406ms)
Γ£ö validator rejects iced sequence without explicit deterministic hot-ice split pairing (3.2181ms)
Γ£ö validator rejects sequence wait duration that exceeds deterministic cadence gap (1.9471ms)
Γ£ö validator rejects clever sequence missing immersion and release cues (2.3363ms)
Γ£ö deterministic clever sequence uses hold and release checkpoints without zero-pour wording (2.966ms)
Γ£ö validator rejects sequence that only changes numbers but keeps one template shell (1.8735ms)
Γ£ö validator rejects mid-brew parameter shift instructions inside sequence steps (2.2135ms)
Γ£ö validator rejects final-step hold duration that exceeds deterministic remaining window (2.7462ms)
Γ£ö validator rejects sequence when combined wait and hold durations exceed deterministic cadence gap (2.3839ms)
Γ£ö validator rejects sequence step with chained second pour checkpoint (2.0145ms)
Γ£ö validator rejects sequence when step 1 uses closure-phase wording (1.891ms)
Γ£ö hybrid composer repairs invalid watch section while preserving valid AI sequence steps (4.7706ms)
Γ£ö hybrid composer repairs SOP quick dial and control points while preserving valid AI steps (9.15ms)
Γ£ö validator rejects sequence step with ambiguous hedging wording (1.2486ms)
Γ£ö validator rejects sequence step with simulated execution wording (1.3858ms)
Γ£ö validator rejects chemex sequence when thick-filter cues are concentrated in only one step (1.471ms)
Γ£ö hybrid composer normalizes safe AI step lines to deterministic checkpoints before final validation (3.0914ms)
Γ£ö validator rejects body target sequence that lacks body-depth intent cues in operational lines (1.2915ms)
Γ£ö validator does not treat "body profile" label text as a valid body-intent operational cue (1.4197ms)
Γ£ö validator rejects body target sequence when opposing acidity cues are distributed across steps (2.3784ms)
Γ£ö validator rejects body target sequence when a single step mixes body and acidity cues (1.3144ms)
Γ£ö hybrid composer repairs body-target free-form steps and injects deterministic body-intent cues (2.9341ms)
Γ£ö deterministic sequence uses canonical checkpoint prefix format (1.4098ms)
Γ£ö validator rejects next-cup troubleshooting instructions inside operational sequence steps (2.05ms)
Γ£ö validator rejects generic service pattern lines even when sequence steps are valid (1.1998ms)
Γ£ö hybrid composer repairs generic service pattern with deterministic section while preserving valid AI steps (3.3874ms)
Γ£ö validator rejects sequence watch section that lacks deterministic envelope checkpoint anchors (1.1423ms)
Γ£ö validator rejects sop control points without actionable sour and bitter corrections (1.7233ms)
Γ£ö ai brew database accuracy roadmap keeps evidence-first promotion gates (1.2484ms)
Γ£ö ai brew data quality report generator writes consolidated audit artifacts (1304.0394ms)
Γ£ö extraction finisher pushes sour cups toward deeper extraction on hard-to-open brews (2.2398ms)
Γ£ö extraction finisher moves bitter dark-roast brews through grind and agitation before temperature (0.9008ms)
Γ£ö extraction finisher fixes bypass and contact before ratio when an iced brew tastes thin (0.9081ms)
Γ£ö extraction finisher reflects target tone and water behavior for contrasting cups (1.0539ms)
Γ£ö AI Brew filter real-world 20000 gate is wired to source-backed coffee fixtures (1.6042ms)
Γ£ö source-backed filter bean fixture keeps real source URLs and missing fields explicit (1.1555ms)
Γ£ö AI Brew real-world gate separates hard failures from honest warnings (1.3972ms)
∩╣ú AI Brew 500000 hot stress matrix keeps global beans, water, grinders, targets, and guides safe (0.0537ms) # SKIP
∩╣ú AI Brew 500000 iced stress matrix keeps split, guide, taste, and unsupported-mode guardrails safe (0.0421ms) # SKIP
∩╣ú AI Brew 1000000 hot+iced aggregate report writes scores and improvement prompt (0.0377ms) # SKIP
∩╣ú AI Brew 500000 balanced software brew stress covers 250000 hot and 250000 iced/cold cases (0.069ms) # SKIP
Γ£ö deterministic narrative changes structure for target context, not only numbers (1.7447ms)
Γ£ö deterministic narrative changes structure for method context (1.0137ms)
Γ£ö deterministic narrative changes structure for water and bean context (0.9748ms)
Γ£ö validator blocks generic non-operational language (1.3283ms)
Γ£ö validator rejects sequence without context anchors (1.3462ms)
Γ£ö validator rejects hot workflow that includes ice dosing (1.281ms)
Γ£ö validator rejects sop with insufficient control points (1.2917ms)
Γ£ö deterministic sequence keeps step-level variation on multi-step plans (1.0045ms)
Γ£ö deterministic sequence carries phase-specific method directives across middle steps (0.934ms)
Γ£ö hybrid fallback preserves deterministic operational headings for SOP (1.0047ms)
Γ£ö hybrid composer falls back when non-immersion method receives immersion-only workflow (2.8052ms)
Γ£ö hybrid composer falls back when sequence references unsupported hardware cues (3.457ms)
Γ£ö hybrid composer tags timeout-like sequence response as ai_timeout before deterministic fallback (1.0385ms)
Γ£ö hybrid composer repairs conflicting method cues in support sections while preserving valid steps (4.0492ms)
Γ£ö validator rejects context anchors concentrated in a single operational step (1.2242ms)
Γ£ö hybrid composer repairs sop quick dial drift with deterministic envelope while preserving valid steps (5.1774ms)
Γ£ö hybrid composer falls back when iced sequence omits explicit deterministic split pairing (1.6516ms)
Γ£ö hybrid composer falls back when AI injects post-brew dilution top-up instruction (4.1562ms)
Γ£ö hybrid composer falls back when wait duration exceeds deterministic cadence (16.1736ms)
Γ£ö hybrid composer falls back when sequence keeps one template shell across all phases (1.4735ms)
Γ£ö hybrid composer falls back when sequence applies mid-brew parameter shift (3.0753ms)
Γ£ö hybrid composer falls back when sequence step contains chained second pour checkpoint (2.7115ms)
Γ£ö hybrid composer falls back when final step reintroduces entry-phase wording (4.2782ms)
Γ£ö hybrid composer preserves valid AI sequence steps while repairing weak watch section (3.3427ms)
Γ£ö hybrid composer falls back when AI sequence uses hedging language in operational steps (3.0277ms)
Γ£ö hybrid composer falls back when Chemex AI sequence concentrates thick-filter cues in one step (2.4017ms)
Γ£ö hybrid sequence repairs safe free-form steps into deterministic checkpoints instead of full fallback (3.2473ms)
Γ£ö hybrid sequence repairs non-canonical deterministic prefix formatting without full fallback (2.2414ms)
Γ£ö hybrid sequence repairs shifted timestamps back to deterministic checkpoints without full fallback (2.1408ms)
Γ£ö hybrid composer falls back when a step injects extra absolute clock timestamp in tail (3.4757ms)
Γ£ö hybrid composer falls back when body target sequence drifts to acidity-dominant cues (5.9531ms)
Γ£ö hybrid composer falls back when body target mixes opposing acidity cues across operational steps (2.7004ms)
Γ£ö hybrid composer falls back when one body-target step mixes opposing acidity cue (2.564ms)
Γ£ö hybrid composer falls back when sequence conflicts with easy extraction pressure profile (5.2512ms)
Γ£ö hybrid composer falls back when hold distribution conflicts with deterministic cadence profile (5.4623ms)
Γ£ö deterministic sop steps use canonical checkpoint prefix format (1.0524ms)
Γ£ö hybrid composer falls back when sequence steps include next-cup troubleshooting guidance (2.5591ms)
Γ£ö deterministic sequence reflects checkpoint timeline shifts, not just ratio or temperature math (1.0126ms)
Γ£ö deterministic sequence reflects checkpoint pour-map shifts for resistant vs easy extraction contexts (0.9726ms)
Γ£ö hybrid sequence repairs generic service pattern line and keeps AI operational steps (3.4502ms)
Γ£ö hybrid sop repairs missing bitter corrective control point with deterministic section while preserving valid steps (3.9001ms)
Γ£ö AI Brew catalog normalizes internal expert guidance for every process, variety, and grinder (2.7375ms)
Γ£ö AI Brew prompts use hidden expert guidance without allowing raw UI exposure or perfect-result claims (3.1721ms)
Γ£ö AI Brew picker source keeps process and variety descriptions out of the visible UI list (3.5499ms)
Γ£ö AI Brew knowledge resolves layered professional brewing context (1.2644ms)
Γ£ö AI Brew knowledge normalizes aliases and caps prompt-safe output (1.096ms)
Γ£ö AI Brew knowledge context formats notes or none deterministically (1.7905ms)
Γ£ö AI Brew knowledge gives safe fallback for unknown beans and custom user input (1.2969ms)
Γ£ö AI Brew knowledge keeps espresso fallback method-specific and not V60-like (1.321ms)
Γ£ö AI Brew knowledge keeps cold brew and moka free from hot pour-over language (1.6285ms)
Γ£ö AI Brew knowledge filters method-language leakage across non-pour-over methods (1.6858ms)
Γ£ö AI Brew knowledge keeps paper-filter language available for paper-filter methods (0.9699ms)
Γ£ö AI Brew live 100-bean audit matrix covers real beans, targets, equipment, and stable save metadata (281.9385ms)
Γ£ö AI Brew manual brew preset catalog is safe, unique, and source-backed (1.7333ms)
Γ£ö all 40 manual brew presets expose complete Indonesian display copy without changing English source copy (4.5644ms)
Γ£ö AI Brew AeroPress presets follow latest official WAC and Express Cold Brew references (5.0877ms)
Γ£ö AI Brew 2025 WAC runner-up and 2026 multi-pour presets stay source-scoped and guarded (4.4488ms)
Γ£ö AI Brew manual brew presets prefill form state without generating automatically (0.9091ms)
Γ£ö AI Brew manual brew preset remains attached when users edit numeric prefill fields (2.9366ms)
Γ£ö AI Brew manual brew preset dose edits from 17-20 g keep water scaled inside safe ratio bounds (18.0819ms)
Γ£ö AI Brew quick mode preserves manual preset ratio and temperature when dose is edited (2.0142ms)
Γ£ö AI Brew manual brew presets are compact and user-toggleable in the builder UI (4.185ms)
Γ£ö AI Brew every brew preset generates a guarded recipe for source-backed real beans (465.0392ms)
Γ£ö AI Brew manual brew preset technique patterns affect planner steps inside guardrails (6.956ms)
Γ£ö AI Brew manual brew preset guidance is hidden in prompts and not exposed through process or variety pickers (5.5101ms)
Γ£ö AI Brew method-style audit commands are available (1.2168ms)
Γ£û AI Brew method-style audit covers real methods, styles, guides, language, and UI surfaces (311.94ms)
Γ£ö AI Brew time semantics separates extraction from finishing work (22.7584ms)
Γ£ö barista evaluation calibration tunes temperature and practical step details (6.389ms)
Γ£ö V60 More Sweetness calibration handles Japanese iced, hot, water, grind, prompt, and trust labels (6.2159ms)
Γ£ö V60 natural Ombligon sweetness plans use lower hot temperature and safe 92-93C iced baseline without changing medium washed baseline (2.4635ms)
Γ£ö V60 hot auto plan keeps structured global coffees flexible with four positive pours (2.7418ms)
Γ£ö Hario Switch exact variants preserve every volume checkpoint without changing V60 behavior (3.728ms)
Γ£ö Hario Switch 02 guards chamber capacity and legacy Switch requires exact size (3.1ms)
Γ£ö production Hario Switch presets choose safe defaults and preserve programme provenance (23.3589ms)
Γ£ö Hario Switch taste-first snapshot matrix proves numeric target differences and guardrails (65.9271ms)
Γ£ö AI Brew release snapshot matrix keeps global methods safe, honest, and method-specific (32.7532ms)
Γ£ö AI Brew full-method audit artifact scores every catalog dripper and real-world bean baseline (452.6082ms)
Γ£ö iced-supported drippers keep split exact and receive non-flat iced sensory calibration (155.8883ms)
Γ£ö iced strength guardrail keeps low-bypass and flat-bottom brewers from watery defaults (32.7743ms)
Γ£ö iced target profiles move expected cup in the intended direction without changing V60 water math (22.1465ms)
Γ£ö Hario Switch public presets alter expected cup and keep corrections number-safe (21.6383ms)
Γ£ö AI Brew defaults target profile from process, variety, and altitude without overriding explicit target (2.6589ms)
Γ£ö AI Brew publish taxonomy target recommendations stay valid and conservative (1.2756ms)
Γ£ö AI Brew custom process parser maps modern process language without overriding explicit catalog choices (2.4313ms)
Γ£ö AI Brew global bean taxonomy signal separates catalog, regional, custom, unknown, and risk beans (3.6279ms)
Γ£ö AI Brew process and variety modifier coverage never falls through silently (3.4054ms)
Γ£ö AI Brew custom co-ferment plan stays high-risk and conservative (3.0302ms)
Γ£ö AI Brew taxonomy risk tags drive honest decaf, experimental, drying-only, and non-arabica guardrails (21.0387ms)
Γ£ö AI Brew expected cup does not overclaim when process and variety are missing (15.8857ms)
Γ£ö Soft & Round target produces a visible expected-cup direction without changing protected recipe math (18.4973ms)
Γ£ö process detail alone visibly changes expected-cup prediction when variety is missing (17.0145ms)
Γ£ö variety detail alone visibly changes expected-cup prediction when process is missing (21.0603ms)
Γ£ö AI Brew plan fingerprint changes whenever process or variety input changes (5.4456ms)
Γ£ö AI Brew shared core calibrates 10-20 g target profile, dose, process, and custom variety signals (5.3127ms)
Γ£ö AI Brew precision controls honor barista-friendly dose and ratio while keeping filter prep in the guide (1.4368ms)
Γ£ö AI Brew anti-hallucination guard sanitizes unsafe narrative claims (2.5404ms)
Γ£ö AI Brew coach guard preserves deterministic grind, water, brewer, and recipe numbers (10.0594ms)
Γ£ö P0 water classification separates moderate hardness from upper-buffered alkalinity (14.8916ms)
Γ£ö P0 ratio validator uses canonical total water and hot water math (22.3002ms)
Γ£ö P0 output guard blocks stale ratios, timing contradictions, placeholders, and method vocabulary leaks (15.6466ms)
Γ£ö AI Brew extraction rationale does not duplicate process labels that already include process (16.3065ms)
Γ£ö P0 rendered output snapshots stay method-specific, ratio-correct, and user-safe (21.0233ms)
Γ£ö P0 AI Composer allows Hario Switch valve and release language but keeps hardware scoped (20.3659ms)
Γ£ö AI Brew process, variety, and origin knowledge catalog stays expanded and provenance-safe (3.4509ms)
Γ£ö AI Brew regression matrix covers popular Indonesian process and variety combinations (9.3153ms)
Γ£ö AI Brew grinder catalog publish rules keep sources, references, and ranges auditable (12.4325ms)
Γ£ö AI Brew core brewer production profiles keep method-specific SOP cues (2.6503ms)
Γ£ö AI Brew auto pour control adapts 17-20 g doses by method and target without a preset (21.5696ms)
Γ£ö AI Brew production golden recipes keep non-V60 device workflows distinct (38.987ms)
Γ£ö AeroPress upright high-volume guides preserve pre-wet and main charge checkpoints (14.357ms)
Γ£ö AeroPress production styles keep ratio, bypass split, water label, and user-facing copy safe (23.8056ms)
Γ£ö AeroPress 200 ml plus recipes pace the chamber charge instead of rushing full water at the first cue (16.5757ms)
Γ£ö AI Brew direct manualPresetId applies AeroPress preset defaults before planning (17.1321ms)
Γ£ö AI Brew direct manualPresetId applies Tetsu 2026 ten-pour preset as guarded V60 fallback (14.6714ms)
Γ£ö AeroPress light roast service temperatures do not keep stale low-temperature warnings (15.4494ms)
Γ£ö V60 workflow guide uses polished Indonesian stage labels for hot and iced service (15.3606ms)
Γ£ö workflow-aware guide expands all-method operational phases and validates readiness (25.69ms)
Γ£ö all selectable AI Brew method styles generate valid workflow guides (61.9065ms)
Γ£ö Hario Switch public presets generate style-specific validated workflow guides (21.8481ms)
Γ£ö Moka compact audit narrative stays free of pour-over workflow language (13.8148ms)
Γ£ö workflow validator blocks too-simple or method-wrong guide output (14.0967ms)
Γ£ö workflow-aware V60 iced guide keeps hot-water target explicit (2.31ms)
Γ£ö expected cup profile and readiness scores reflect target, bean, water, and grinder trust (17.8522ms)
Γ£ö taste feedback correction is one-knob, method-correct, and keeps protected numbers locked (18.8181ms)
Γ£ö all-method public snapshot matrix includes workflow, expected cup, feedback, and guard validation (54.2723ms)
Γ£ö real-world bean stress matrix always produces safe baseline or honest fallback (93.0974ms)
Γ£ö AI Brew 10000-combination global stress matrix keeps drippers, targets, beans, water, and grinder advice safe (11343.823ms)
Γ£ö AI Brew 100000-combination iced guide stress matrix keeps bloom, pours, timer, and taste guardrails safe (112439.1703ms)
Γ£ö AI Brew water catalog blocks private sources, zero-mineral autofill, and estimated facts (2.8381ms)
Γ£ö AI Brew planner allows Amidis as low-confidence filter autofill but keeps estimated brands manual (3.4916ms)
Γ£ö AI Brew planner treats Cleo as low-mineral clarity water, not blocked RO (1.4018ms)
Γ£ö water mineral completion still offers remineralization targets for direct low-mineral experiment brands (1.8557ms)
Γ£ö AI Brew optimizer can adjust iced plans without breaking planner guardrails (3.4012ms)
Γ£ö AI Brew optimizer clamps online patches to controlled micro-adjustments (2.1237ms)
Γ£ö AI Brew experience layer exposes bean-safe reasoning, confidence labels, and tasting loop (3.7699ms)
Γ£ö AI Brew optimizer parser unwraps nested structured text payloads (1.1198ms)
Γ£ö AI Brew optimizer preserves hot and iced envelopes across core dripper families (13.4813ms)
Γ£ö parseNumericRange extracts numeric grinder bands and units (1.1164ms)
Γ£ö inferDripperMethodFamily maps common dripper names to brew families (0.8351ms)
Γ£ö French Press style-aware planner resolves correct profiles, custom physics step sequences, and dynamic localized baristacopy (20.7791ms)
Γ£û French Press production styles keep ratio envelope, Volvic-like water label, and rendered copy safe (16.4358ms)
Γ£ö French Press output guard blocks placeholders, mixed language fragments, and pour-over vocabulary (21.0324ms)
Γ£ö French Press Auto Traditional routes targets, dose batches, origins, and health guardrails safely (26.838ms)
Γ£ö French Press grinder calibration covers requested master grinder set by style (25.7367ms)
Γ£ö no-bypass and steep-release light washed floral plans keep a warmer service floor (13.209ms)
Γ£ö washed light Geisha hot pour-over keeps roast-aware floral temperature even with high-buffer water (13.2759ms)
Γ£ö washed light iced flat-bottom and AeroPress clarity plans keep roast-aware temperature floors (14.1018ms)
Γ£ö washed light and medium-light clarity plans keep method-aware roast temperature floors (14.8846ms)
Γ£ö non-dripper method profiles generate action-safe AI Brew plans without fake iced mode (18.8357ms)
Γ£ö sanitizeAiBrewFormState falls back to valid defaults for unsupported values (0.9637ms)
Γ£ö resolveDeviceProfileSelection prefers exact profile and derives a device template when exact is missing (0.8107ms)
Γ£ö resolveGrinderSettingReference uses family fallback ids when no exact grinder match exists (0.7514ms)
Γ£ö resolveGrinderSettingReference derives a grinder baseline when no catalog chart exists (0.8012ms)
Γ£ö resolveGrinderSettingReference promotes curated grinder bands when provenance exists (0.8074ms)
Γ£ö resolveGrinderSettingReference uses method-aware grinder bands when profile-specific chart is missing (0.9416ms)
Γ£ö AI Brew grinder size matrix keeps every visible dripper and roast profile on sane method-aware bands (15505.6114ms)
Γ£ö buildAiBrewPlan creates a hot brew plan with deterministic outputs and provenance (1.6299ms)
Γ£ö buildAiBrewPlan applies operator knowledge seed notes from the knowledge layer (1.4344ms)
Γ£ö buildAiBrewPlanProgressively emits factual generation progress with increasing system signals (2.3273ms)
Γ£ö buildAiBrewPlan keeps final step envelope aligned even with skewed profile shares (1.3563ms)
Γ£ö buildAiBrewPlan keeps brew temperature inside the real computed range (1.196ms)
Γ£ö buildAiBrewPlan keeps neutral quick and neutral pro-style inputs on the same deterministic core plan (1.656ms)
Γ£ö createQuickAiBrewFormState keeps coffee context and strips hidden precision-only modifiers before generation (0.8837ms)
Γ£ö createQuickAiBrewFormState applies process and variety to the generated recipe core (2.4172ms)
Γ£ö precision targets can override ratio, total water, and temperature within guardrails (2.2109ms)
Γ£ö buildAiBrewPlan roast level shifts extraction envelope in a sensible direction (2.1542ms)
Γ£ö buildAiBrewPlan creates a japanese iced plan with split water and derived template disclosure (11.1912ms)
Γ£ö light roast japanese iced sweetness uses safe 92-93C baseline and target-behavior pour map (1.8424ms)
Γ£ö V60 Japanese iced 15g target snapshots stay deterministic across all target profiles (68.0614ms)
Γ£ö AI Brew iced guard blocks invalid hot-water target and pour sum (3.1745ms)
Γ£ö buildAiBrewPlan keeps small-dose V60 hot and iced cadence barista-friendly (2.0723ms)
Γ£ö buildAiBrewPlan keeps high-dose Japanese iced pour-over cadence service-safe (60.0153ms)
Γ£ö buildAiBrewPlan applies selected pour count and interval style without breaking Japanese iced totals (1.6991ms)
Γ£ö buildAiBrewPlan treats iced pour-over no-volume finish as drawdown, not a serve step (1.4303ms)
Γ£ö buildAiBrewPlan flags derived grinder baselines for provenance (2.0747ms)
Γ£ö buildAiBrewPlan target profiles shift ratio, time, and deterministic pour-map structure in the expected direction (3.8958ms)
Γ£ö target profile calibration follows stable ids when labels are localized or customized (3.2196ms)
Γ£ö buildAiBrewPlan requires manual mineral inputs (4.1669ms)
Γ£ö buildAiBrewPlan uses autofill brand chemistry and tracks customization provenance (2.7653ms)
Γ£ö water brand autofill refuses mineral panels outside planner bounds (1.014ms)
Γ£ö manual-required water brands preserve provenance but still require minerals (1.9401ms)
Γ£ö bean profile fields apply bounded deterministic modifiers (4.416ms)
Γ£ö curated process and variety rules affect recipe math when available (2.3037ms)
Γ£ö coffee origin cues steer neutral AI Brew plans in sensible directions (4.4639ms)
Γ£ö dose size calibrates ratio, temperature, time, and grind direction (2.8056ms)
Γ£ö iced split adapts to target and coffee context instead of staying static (2.5315ms)
Γ£ö method-family signatures produce distinct AI Brew envelopes and sequence maps (4.4365ms)
Γ£ö all supported dripper families stay production-safe across hot and iced flows (409.2676ms)
Γ£ö exact device profiles can own the ratio tool method id without losing family cues (1.8312ms)
Γ£ö single-step clever charge-release profiles expand into timer-safe hold and release checkpoints (4.9867ms)
Γ£ö extraction finisher adapts watchpoints and rescue actions by dripper family (2.8483ms)
Γ£ö deterministic ai coach markdown stays localized and family-aware (14.883ms)
Γ£ö deterministic ai coach and finisher never recommend changing ratio or dose first (9.8638ms)
Γ£ö target-method calibration makes the same target behave differently across dripper families (4.7816ms)
Γ£ö origin-target-method calibration makes origin cues react differently across dripper families (5.893ms)
Γ£ö Indonesian critical AI Brew trust copy stays localized and honest (27.7295ms)
Γ£ö Indonesian AI Brew dynamic result copy reads natural and blocks mixed English fragments (5.2582ms)
Γ£ö water chemistry extremes push AI Brew in opposite extraction directions (2.3355ms)
Γ£ö AI Brew matrix stays deterministic across roast, target, water, process, and variety combinations (43.0435ms)
Γ£ö AI Brew manual pour-over bloom cadence stays barista-sensible across visible drippers (933.9252ms)
Γ£ö AI Brew bloom wait copy matches the next manual pour checkpoint (19.5416ms)
Γ£ö AI Brew iced manual pour-over bloom checkpoint and service time stay barista-sensible (17.533ms)
Γ£ö AI Brew hot manual brew temperature stays sensible for light natural and dark roast edge cases (22.1644ms)
Γ£ö AI Brew hard-to-extract light washed V60 keeps extraction pressure coherent (14.8904ms)
Γ£ö AI Brew V60 hot and iced live-audit beans keep structured extraction rationale and save metadata (34.3388ms)
Γ£ö AI Brew prompts and coach guard treat bean text as untrusted data (14.8287ms)
Γ£ö ai brew draft storage persists and merges with fallback defaults (0.9543ms)
Γ£ö ai brew catalog snapshot storage restores the last cached catalog (1.3382ms)
Γ£ö ai brew catalog snapshot storage rejects stale snapshots that miss target profiles (1.1124ms)
Γ£ö ai brew catalog snapshot storage rejects stale snapshots that miss exact Switch variants (1.2036ms)
Γ£ö ai brew catalog snapshot storage rejects snapshots with visible legacy Switch entry (1.1064ms)
Γ£ö last generated brew plan storage restores matching catalog versions only (1.843ms)
Γ£ö ai brew storage write helpers stay crash-free when localStorage throws (2.1668ms)
Γ£ö water chemistry formulas use requested GH/KH coefficients (0.8894ms)
Γ£ö validateWaterChemistryConsistency flags GH or KH above TDS (0.8413ms)
Γ£ö AeroPress E2E Recipe Logic & Guardrails validation (144.8237ms)
Γ£ö ai brew recipe copy switches to indonesian when locale=id (1.1923ms)
Γ£ö AI Brew localized summaries use clean temperature text and no encoding artifacts (1.0135ms)
Γ£ö AI Brew Indonesian result metadata localizes bean confidence, process, and Volvic-like water (0.9644ms)
Γ£ö AI Brew English dynamic copy translates complete Indonesian grinder warnings (1.2836ms)
Γ£ö AI Brew English workflow labels cover every method-specific operational phase (0.9431ms)
Γ£ö AI Brew Indonesian dynamic copy polishes avoidable raw English brewing terms (1.9521ms)
Γ£ö AI Brew Indonesian dynamic copy remains idempotent and never repeats translated nouns (1.6257ms)
Γ£ö AI Brew Indonesian copy normalizes avoidable equipment and grind terms idempotently (3.4669ms)
Γ£ö localized AI Brew copy validator rejects leakage, placeholders, duplication, and wrong-method terms (1.4749ms)
Γ£ö AI Brew Indonesian legacy dripper tutorials do not leak English sentence fragments (2.8818ms)
Γ£ö AI Brew visible result copy stays clean in English and Indonesian across every method family (248.9127ms)
Γ£ö AI Brew production gate documentation is complete and honest (2.599ms)
Γ£ö package exposes explicit AI Brew matrix and stress gate scripts (1.1123ms)
Γ£ö AI Brew sequence repair prompt stays under structured AI server budget (1.1806ms)
Γ£ö AI Brew sequence server prompt stays structured and under budget (2.0891ms)
Γ£ö AI Brew prompts lock Indonesian and English output language without mixed-language fallback (3.1917ms)
Γ£ö AI Brew optimization prompt stays under server action budget (0.9175ms)
Γ£ö AI Brew real-world 10000 scenario gate expands curated coffee coverage honestly (1.5196ms)
Γ£ö AI Brew real-world 1000 scenario gate is wired with curated coverage and honest reporting (1.5557ms)
Γ£ö AI Brew keeps not-recommended espresso grinders low-confidence with a hard warning (15.8696ms)
Γ£ö AI Brew treats manual zero-mineral water as not brew-ready (14.4927ms)
Γ£ö AI Brew water presets allow trusted curated water but keep source gaps manual (1.4246ms)
Γ£û tests\unit\aiBrewWorkflowTutorials.test.ts (0.7405ms)
Γ£ö web AI client uses mode-aware timeouts long enough for deep think (0.7759ms)
Γ£ö mobile AI client mirrors deep-friendly action timeouts (0.7507ms)
Γ£ö explicit client timeout overrides are clamped to a safe minimum (0.7903ms)
Γ£ö deep_think falls back to internal chat proxy when compat providers are unavailable (151.2073ms)
Γ£ö deep_think returns deterministic local fallback when every provider path is unavailable (5.8625ms)
Γ£ö shouldUseDeepGrounding triggers for time-sensitive and source-intent queries (1.5947ms)
Γ£ö evaluateDeepQualityGate fails when required sections are missing (1.1502ms)
Γ£ö evaluateDeepQualityGate fails when action plan has fewer than 3 steps (0.9785ms)
Γ£ö evaluateDeepQualityGate fails when deep response is too short (0.9562ms)
Γ£ö evaluateDeepQualityGate passes for complete deep template output (0.8245ms)
Γ£ö evaluateDeepQualityGate marks explicit short requests as degraded but quality-pass (0.8356ms)
Γ£ö buildDeepTemplatePrompt includes mandatory section headings (1.1204ms)
Γ£ö normalizeInlineAttachmentPayload strips data URLs and keeps mimeType (1.5027ms)
Γ£ö normalizeInlineAttachmentPayload rejects inline payloads above Vercel-safe cap (7.2576ms)
Γ£ö buildGeminiInlineContents formats multimodal prompt as text plus inlineData parts (1.176ms)
Γ£ö resolveGeminiVisionModel ignores unsupported requested models (0.8972ms)
Γ£ö resolveInternalBaseUrl prefers APP_URL when configured (0.8798ms)
Γ£ö resolveInternalBaseUrl falls back to VERCEL_URL when APP_URL is missing (0.9156ms)
Γ£ö resolveInternalBaseUrl falls back to request host with forwarded protocol (0.8194ms)
Γ£ö resolveInternalBaseUrl defaults to http for local hosts when protocol is absent (0.9054ms)
Γ£ö resolveUserLanguage detects Indonesian from user text (2.044ms)
Γ£ö resolveUserLanguage detects non-latin language scripts (1.1676ms)
Γ£ö deriveExpectationProfile respects concise and bullets intent (2.0931ms)
Γ£ö deriveExpectationProfile marks deep technical asks as comprehensive and advanced (0.9835ms)
Γ£ö deriveExpectationProfile keeps balanced recipe asks compact by default (1.1468ms)
Γ£ö deriveExpectationProfile sets high ambiguity for short unclear prompts (1.2334ms)
Γ£ö deriveExpectationProfile treats short greetings as high ambiguity (0.8193ms)
Γ£ö deriveExpectationProfile treats ambiguous continuation as high ambiguity (1.157ms)
Γ£ö buildResponseOrchestration honors explicit response profile overrides (1.6972ms)
Γ£ö detectExplicitLanguageSwitch recognizes explicit language change requests (0.8815ms)
Γ£ö resolveAgentProfileNamespace keeps guest and per-user namespaces separate (0.8786ms)
Γ£ö extractDurablePreferenceUpdates stores explicit language and emoji preferences (2.2706ms)
Γ£ö extractDurablePreferenceUpdates stores preferred name for later turns (1.6351ms)
Γ£ö formatAgentProfileForPrompt emits an identity memory block (1.2122ms)
Γ£ö buildConversationContext keeps summary and only last 10 recent messages (1.1982ms)
Γ£ö buildConversationContext drops older summary for standalone new requests to save tokens (0.8511ms)
Γ£ö buildConversationContext keeps only a tight recent window for ambiguous continuation requests (0.8276ms)
Γ£ö isReusableDraftSession only allows empty draft sessions (0.8078ms)
Γ£ö buildResponseOrchestration falls back to agent profile language when session language is empty (0.9579ms)
Γ£ö buildOrchestratedPrompt tells the model not to assume a transaction for greetings (2.1324ms)
Γ£ö barista skill focus values expose the expected skill map (0.8247ms)
Γ£ö inferBaristaSkillFocus detects espresso troubleshooting from user request (0.9344ms)
Γ£ö extractDurablePreferenceUpdates stores durable barista skill focus (0.9706ms)
Γ£ö buildOrchestratedPrompt includes barista skill routing guidance (1.3933ms)
Γ£ö inferChatIntent separates greeting, recipe, diagnostic, save, and persona memory intents (0.8698ms)
Γ£ö inferChatIntent prioritizes the current request over stale recipe context (0.794ms)
Γ£ö inferChatIntent only carries older context for explicit continuation cues (0.817ms)
Γ£ö inferChatIntent treats short beverage build asks as recipe requests (0.9398ms)
Γ£ö inferBaristaSkillFocus keeps beverage build asks in recipe-design lane (0.8819ms)
Γ£ö evaluateResponseTaskAlignment catches beverage recipe drift into manual brew answer (1.1975ms)
Γ£ö evaluateResponseTaskAlignment catches japanese iced brew answers that miss iced context (1.1568ms)
Γ£ö buildTaskAlignmentRepairPrompt makes beverage scope explicit (1.1563ms)
Γ£ö inferAiToolSuggestions routes recipe and diagnostic requests to useful app tools (1.131ms)
Γ£ö inferAiToolSuggestions keeps ambiguous continuation tool-free until clarified (1.0436ms)
Γ£ö inferAiToolSuggestions does not leak profile-driven tools into unrelated questions (1.1735ms)
Γ£ö formatAiChatFlowForPrompt emits recipe and troubleshooting templates with tool routing (1.018ms)
Γ£ö formatAiChatFlowForPrompt uses compact recipe guidance for balanced short asks (0.9674ms)
Γ£ö buildOrchestratedPrompt includes AI chat flow and app tool routing guidance (1.3344ms)
Γ£ö buildOrchestratedPrompt keeps balanced recipe mode out of long document formatting (1.1116ms)
Γ£ö deriveExpectationProfile keeps short direct balanced questions compact (0.8484ms)
Γ£ö buildOrchestratedPrompt tells normal mode to avoid essay-style output (1.0204ms)
Γ£ö buildOrchestratedPrompt reinforces latest-turn priority over conversation memory (1.4925ms)
Γ£ö buildOrchestratedPrompt treats user and memory content as untrusted prompt input (1.5401ms)
Γ£ö buildOrchestratedPrompt keeps app tool routing grounded in the latest request, not profile carryover (1.6532ms)
Γ£ö buildOrchestratedPrompt adds explicit clarification guard for ambiguous continuation (1.2695ms)
Γ£ö deriveExpectationProfile keeps fast direct asks very short and plain (0.8784ms)
Γ£ö buildOrchestratedPrompt sets a clearly direct fast-mode output contract (1.2026ms)
Γ£ö buildOrchestratedPrompt gives deep mode an analysis and validation contract (1.3582ms)
Γ£ö appendAttachmentResponseStyle differentiates fast normal and deep guidance (0.9433ms)
Γ£ö normalizeSearchSources keeps valid http(s) sources and deduplicates uri (1.1275ms)
Γ£ö evaluateSearchGrounding fails when live sources are below minimum (2.8036ms)
Γ£ö scoreSearchSourceAuthority prefers primary and reputable sources over user-generated domains (1.0895ms)
Γ£ö rankSearchSources sorts stronger sources first (0.8758ms)
Γ£ö evaluateSearchGrounding rejects duplicate-domain grounding for live search (0.8777ms)
Γ£ö evaluateSearchGrounding requires a stronger source for freshness-sensitive prompts (0.9846ms)
Γ£ö default search response profile enforces deep balanced format without ask-first (0.8603ms)
Γ£ö buildWebSearchPrompt includes freshness and no-clarifying policy (1.0461ms)
Γ£ö arabic system instruction enforces arabic-only response lock (1.0333ms)
Γ£ö scanner prompt switches to arabic instructions when language=ar (0.9634ms)
Γ£ö scanner prompt keeps english instructions for non-indonesian and non-arabic languages (0.7872ms)
Γ£ö arabic translation map covers all English keys except intentional brand overrides (1.036ms)
Γ£ö arabic critical keys are not equal to English fallback copy (0.9288ms)
Γ£ö arabic merged translations do not silently fall back to English except brand name (1.1598ms)
Γ£ö arabic polish guardrails keep critical terminology natural and consistent (0.9585ms)
Γ£ö web auth uses browse-only preview instead of route-level guest gate (0.8794ms)
Γ£ö legacy guest bootstrap is not started from public query params (0.8717ms)
Γ£ö unauthenticated or legacy guest AI access opens auth directly (0.7853ms)
Γ£ö browse-only public feature surfaces stay interactive until protected submit (1.0055ms)
Γ£ö email sign-in exchanges Supabase password auth for the app session cookie (3.0373ms)
Γ£ö email signup returns confirmation required when Supabase does not issue a session yet (1.5939ms)
Γ£ö email password reset sends Supabase recovery email without creating a session (1.7607ms)
Γ£ö email recovery token can update password and receive an app session cookie (1.9229ms)
Γ£ö email sign-in maps invalid Supabase credentials to a generic auth error (1.4873ms)
Γ£ö guest auth handler answers preflight with CORS headers (1.8661ms)
Γ£ö guest auth handler creates a signed guest session cookie (1.6552ms)
Γ£ö guest auth handler reuses an existing guest identity (1.6044ms)
Γ£ö guest auth handler reports server misconfiguration when JWT secret is absent (0.9354ms)
Γ£ö auth logout handler returns preflight response (1ms)
Γ£ö auth logout handler clears auth and oauth cookies in development (0.9747ms)
Γ£ö auth logout handler keeps secure cookie attributes in production (0.8914ms)
Γ£ö auth me handler answers preflight with CORS headers (1.0076ms)
Γ£ö auth me handler returns soft unauthenticated envelope when auth is absent (1.0095ms)
Γ£ö auth me handler returns auth_required envelope when auth is absent (0.9391ms)
Γ£ö auth me handler returns authenticated user from cookie token (1.5112ms)
Γ£ö auth me handler accepts a guest session token (1.3063ms)
Γ£ö requireAuth accepts bearer token (1.2248ms)
Γ£ö requireAuth falls back to cookie token (1.2007ms)
Γ£ö requireAuth rejects invalid bearer token (1.4493ms)
Γ£ö checkRateLimit throttles repeated anonymous auth requests on same route and ip (1.0304ms)
Γ£ö checkRateLimit keeps separate buckets per route key (0.8628ms)
Γ£ö getAllowedOrigins expands localhost app url into loopback aliases (0.9104ms)
Γ£ö getAllowedOrigin accepts 127 loopback request when app url is localhost (0.8771ms)
Γ£ö getAllowedOrigin returns empty string for disallowed origin (0.8345ms)
Γ£ö applyCors does not reflect disallowed origin (0.86ms)
Γ£ö enforceTrustedRequestOrigin allows same host origin without explicit APP_URL (0.8237ms)
Γ£ö enforceTrustedRequestOrigin rejects cross-site browser writes (0.9088ms)
Γ£ö billing sync rejects invalid token (1.7262ms)
Γ£ö billing sync mirrors active entitlement into app user and audit (2.4033ms)
Γ£ö billing sync moves ended subscriptions back to free (2.3978ms)
Γ£ö reciprocal ratio math is consistent (1.5103ms)
Γ£ö basic yield differs by method profile (1.3947ms)
Γ£ö advanced extraction formula returns expected value (1.4894ms)
Γ£ö espresso beverage output follows dose x ratio yield target (0.9422ms)
Γ£ö guardrails catch out-of-range ratio (2.2455ms)
Γ£ö includes espresso shot presets (0.7945ms)
Γ£ö espresso basic mode does not warn with filter-only tds guidance (0.8194ms)
Γ£ö espresso ratio uses espresso policy and avoids filter baseline warning (0.7572ms)
Γ£ö grind size advisor uses method-aware grinder bands (3.4025ms)
Γ£ö contextual concentrate methods do not reuse the typical filter TDS warning (1.5659ms)
Γ£ö roast-adjusted targets shift with light and dark levels (1.3758ms)
Γ£ö agtron mapping returns stable roast bands (1.0259ms)
Γ£ö all method outputs stay finite for baseline inputs (1.6046ms)
Γ£ö corrupted numeric inputs never return non-finite brew outputs (0.9274ms)
Γ£ö water hardness and alkalinity formulas follow the catalog policy (1.2293ms)
Γ£ö water coffee parameters produce a usable SCA score without fabrication (0.8535ms)
Γ£ö search catalog prioritizes exact published matches and region relevance (1.2818ms)
Γ£ö search catalog falls back to review queue only after published results are exhausted (0.9131ms)
Γ£ö catalog build artifacts produce search exports and report counters (1.4094ms)
[api/chat][74383225-8723-4675-928d-07a05a946366] resolved_language=en verbosity=short format=plain tone=neutral ambiguity=low platform=web
[api/chat][74383225-8723-4675-928d-07a05a946366] local_fallback_used reason=no_key details="No AI providers available. 
Check API keys."
[api/chat][434064d2-469b-4083-a0f5-3aeece8553c3] resolved_language=ja verbosity=short format=plain tone=neutral ambiguity=low platform=web
[api/chat][434064d2-469b-4083-a0f5-3aeece8553c3] winner=QA_E2E:qa_e2e_mock raceLatency=0ms repaired=0 mocked=1
[api/ai][f4531a4a-4084-4866-ac67-a69ce4f04540] action=deep_think mode=deep resolved_language=en verbosity=comprehensive format=steps tone=professional platform=web
[api/ai][f4531a4a-4084-4866-ac67-a69ce4f04540] action=deep_think ok latency=0ms provider=QA_E2E mode=mock grounded=1 fallback_used=0 deep_quality_pass=1 source_count=2 degraded=0
[api/ai][d34ebc64-33a8-41fd-9011-1a2ab4dc695a] action=fast mode=fast resolved_language=es verbosity=short format=bullets tone=neutral platform=web
[api/ai][d34ebc64-33a8-41fd-9011-1a2ab4dc695a] action=fast ok latency=0ms provider=QA_E2E mode=mock grounded=0 fallback_used=0 deep_quality_pass=0 source_count=0 degraded=0
[api/ai][31fad905-e1ab-43ec-b296-0b709fa33a41] action=brew_sequence mode=normal resolved_language=id verbosity=comprehensive format=steps tone=professional platform=web
[api/ai][31fad905-e1ab-43ec-b296-0b709fa33a41] action=brew_sequence ok latency=1ms provider=QA_E2E mode=mock grounded=0 fallback_used=0 deep_quality_pass=0 source_count=0 degraded=0
[api/ai][a50f5084-4e41-48e8-ab02-0deaa7f2ce8d] action=brew_optimize mode=normal resolved_language=id verbosity=short format=plain tone=professional platform=web
[api/ai][a50f5084-4e41-48e8-ab02-0deaa7f2ce8d] action=brew_optimize ok latency=1ms provider=QA_E2E mode=mock grounded=0 fallback_used=0 deep_quality_pass=0 source_count=0 degraded=0
[test-auth-audit] {"event":"login","requestId":"4370af2f-befe-45db-bdf5-a2ec7d315a13","ipHash":"17af1cf3d1b5332c","origin":"http://127.0.0.1:3000","userId":"qa-user","at":"2026-06-10T10:49:59.826Z"}
[test-auth-audit] {"event":"logout","requestId":"2f487214-e242-481c-861d-9972f1a9695b","ipHash":"17af1cf3d1b5332c","origin":"http://127.0.0.1:3000","userId":null,"at":"2026-06-10T10:49:59.828Z"}
Γ£ö catalog suggestions persist to the configured log file (60.7474ms)
Γ£ö resolveAudioPlaybackUrl prefers message audioUrl when present (1.6388ms)
Γ£ö resolveAudioPlaybackUrl falls back to attachment objectUrl for audio attachments (0.9666ms)
Γ£ö resolveAudioPlaybackUrl reconstructs persisted inline audio as data URL (0.8257ms)
Γ£ö resolveAudioPlaybackUrl returns undefined for non-audio attachments (0.8078ms)
Γ£ö chat handler returns local text fallback instead of 503 when no providers are configured (5.2256ms)
Γ£ö collection folder home preview stays compact at three folders (1.1996ms)
Γ£ö collection folder sort favors recent item updates, non-empty folders, then folder recency (0.9312ms)
Γ£ö collection folder validation blocks empty, duplicate, and long names (0.9268ms)
Γ£ö collection folder filters and counts are scoped correctly (1.0789ms)
Γ£ö conformance flags ratio miss for out-of-range filter ratio (0.8148ms)
Γ£ö conformance keeps espresso free from filter baseline warning (0.7948ms)
Γ£ö conformance respects agtron-based roast mapping (0.8852ms)
Γ£ö conformance reports non-finite numeric input clearly (1.1005ms)
Γ£ö fresh app language defaults to English on web and mobile shared runtime (0.8403ms)
Γ£ö English critical tools copy has no Indonesian leakage (2.6536ms)
Γ£ö Indonesian roast copy uses barista roast terms instead of literal light/dark color words (1.237ms)
Γ£ö isE2eMockRequest is disabled on production runtime (0.8502ms)
Γ£ö chat handler returns non-production e2e mock text in the requested language (3.1385ms)
Γ£ö ai handler returns deep e2e mock payload with quality metadata (2.0542ms)
Γ£ö ai handler returns language-specific fast e2e mock payload (1.8224ms)
Γ£ö ai handler returns structured brew_sequence e2e mock payload (1.6426ms)
Γ£ö ai handler returns JSON brew_optimize e2e mock payload (1.4683ms)
Γ£ö evidence pack has valid version metadata (0.9156ms)
Γ£ö all method profiles include source references and confidence (0.9798ms)
Γ£ö category roast adjustments include all roast levels (0.7996ms)
Γ£ö source ids are unique (0.7806ms)
Γ£ö sources include valid classification tags (0.8401ms)
Γ£ö evidence pack covers every brew method exposed by Barista Tools (1.3771ms)
Γ£ö runtime feature flags accept provider aliases from env lists (1.0633ms)
Γ£ö firebase auth storage helpers stay crash-free when browser storage throws (1.4839ms)
Γ£ö gemini auth/profile storage helpers stay crash-free when localStorage throws (1.112ms)
Γ£ö getAuthMode ignores corrupted stored auth mode values (0.8035ms)
Γ£ö Grind Size keeps 600N platform roast-aware instead of hardcoding one setting (1.872ms)
Γ£ö shared grind engine keeps target profile bias available for AI Brew without exposing it in calculator UI (1.2655ms)
Γ£ö numbered dial grinders preserve decimal roast shifts in Grind Size output (1.6349ms)
Γ£ö Grind Size blocks espresso for filter-only grinders and prioritizes selectable espresso grinders (38.6546ms)
Γ£ö Grind Size advice hard-gates espresso output for blocked grinders even on direct calls (1.6202ms)
Γ£ö Grind Size catalog treats DF64 Gen 2 as calibration-required espresso/filter hybrid (1.7704ms)
Γ£ö Grind Size labels master-table filter settings as compatible calibrated baselines, not blanket caution (1.2416ms)
Γ£ö Grind Size matrix keeps all visible grinders method-safe and finite (4695.4214ms)
Γ£ö Grind Size uses the 2026 master grinder calibration table across pressure, cone, flat, immersion, and ice profiles (4.2013ms)
Γ£ö freshness-sensitive search queries get a shorter cache lifetime (1.1787ms)
Γ£ö isHomeSearchCacheFresh rejects stale time-sensitive results (0.8637ms)
Γ£ö shouldPersistHomeSearchCache keeps only live grounded results (1.1796ms)
Γ£ö normalizeHomeSearchCachePayload rejects stale or degraded cached results (0.9604ms)
Γ£ö indonesian system instruction enforces indonesian-only response lock (1.1407ms)
Γ£ö scanner prompt switches to indonesian instructions when language=id (2.5929ms)
Γ£ö scanner prompt keeps english instructions for non-indonesian languages (1.3841ms)
Γ£ö indonesian translation map covers all English keys except intentional brand overrides (1.6352ms)
Γ£ö indonesian critical keys are not equal to English fallback copy (1.2796ms)
Γ£ö indonesian merged translations do not silently fall back to English except brand name (1.1302ms)
Γ£ö language direction contract keeps Arabic as rtl and others as ltr (0.9115ms)
Γ£ö language locale contract stays non-empty and stable for formatting (1.3054ms)
Γ£ö language native labels keep readable unicode for non-latin locales (0.8136ms)
Γ£ö normalizeLoopbackBaseUrl rewrites localhost origins to 127.0.0.1 (1.0306ms)
Γ£ö buildLocalQaEnv injects local QA defaults without mutating the source env (0.8947ms)
Γ£ö buildLocalQaEnv preserves explicit auth and origin settings (0.7659ms)
Γ£ö subscribeMediaQueryChange uses addEventListener when available (0.8062ms)
Γ£ö subscribeMediaQueryChange falls back to addListener/removeListener (0.7888ms)
Γ£ö mobile auth grant can be consumed exactly once (1.0743ms)
Γ£ö mobile auth grant returns expired error after ttl (1.0642ms)
Γ£ö mobile auth grant rejects unknown id (0.8635ms)
Γ£ö mobile auth start uses the Google-registered web callback redirect (2.1322ms)
Γ£ö mobile auth callback page includes deep link and android intent fallback (1.9999ms)
Γ£ö mobile auth exchanges a verified Supabase session for API JWT (2.0917ms)
Γ£ö mobile auth gate exposes localized first-screen labels for claimed launch languages (1.0177ms)
Γ£ö mobile auth copy defaults unsupported locale tags to English for store shell safety (0.7921ms)
Γ£ö mobile localization resolves supported language tags (0.7684ms)
Γ£ö mobile localization falls back unsupported store-shell languages to safe English copy (0.8527ms)
Γ£ö mobile localization exposes localized chat sheet labels (0.7884ms)
Γ£ö localized mobile shell screens avoid english parity constants in user-facing copy (1.8538ms)
Γ£ö mobile shell and non-chat screens read preferred app language instead of raw device locale (2.8513ms)
Γ£ö scanner source keeps release scanner locale strings readable and scoped to EN/ID (1.6725ms)
Γ£ö mobile web parity gate documents every required exposed surface without blocker rows (2.4246ms)
Γ£ö production EAS mobile profile is locked to web parity shell without native fallback (1.2648ms)
Γ£ö mobile env defaults and app config keep store builds on web parity source of truth (1.3237ms)
Γ£ö Android store config minimizes sensitive storage permissions for Play review (1.3451ms)
Γ£ö mobile telemetry does not attach email or display name to crash user scope (2.5698ms)
Γ£ö WebParityScreen sends native shell parity params, language, safe area, browse-only preview, and auth bridge (2.3102ms)
Γ£ö mobile auth bootstrap cannot trap Android on an endless session loading screen (1.8151ms)
Γ£ö mobile parity gate does not claim unsupported Asia locales as full readiness (1.6329ms)
Γ£ö monitoring endpoint records sanitized client errors into audit (2.2294ms)
Γ£ö parseNoteDraftFromStorage returns default draft for invalid JSON (1.3718ms)
Γ£ö parseNoteDraftFromStorage sanitizes invalid shape fields (0.9186ms)
Γ£ö sanitizeNoteDraftForStorage enforces safety caps (0.8365ms)
Γ£ö mobile web parity URL carries preferred language into the web app (1.0544ms)
Γ£ö web global language bootstrap accepts parity language query params (1.0152ms)
Γ£ö classifyProviderError maps billing and insufficient balance failures to quota_exceeded (1.0673ms)
Γ£ö classifyProviderError maps missing provider models to unsupported_model (0.8597ms)
Γ£ö migrates legacy coffee_machine state to v5 espresso and sanitizes invalid numeric fields (1.1503ms)
Γ£ö loads from legacy v4 storage key and upgrades to v5 (1.0072ms)
Γ£ö keeps explicitly expanded optional analysis visible while defaulting fresh state hidden (0.9164ms)
Γ£ö agtron mapping to roast level is consistent (0.8406ms)
Γ£ö medium roast remains neutral baseline for filter profile (0.7897ms)
Γ£ö light and dark roast shifts stay in safe range for espresso (1.1545ms)
Γ£ö batch category has valid roast deltas and medium remains neutral (0.9483ms)
Γ£ö buildLocalRuntimeAuthDefaults injects JWT and QA auth defaults for local non-production runtime (1.0235ms)
Γ£ö buildLocalRuntimeAuthDefaults preserves explicit auth env values (1.0141ms)
Γ£ö buildLocalRuntimeAuthDefaults stays inert outside local non-production runtime (0.9212ms)
Γ£ö server-api runtime files avoid direct shared src runtime imports (1.905ms)
Γ£ö server orchestration does not let stale recipe context override a new question (1.5359ms)
Γ£ö server orchestration embeds explicit prompt-injection boundaries (1.1061ms)
Γ£ö server orchestration keeps older topic only for explicit continuation cues (1.0705ms)
Γ£ö server orchestration routes beverage recipe asks away from milk steaming defaults (1.05ms)
Γ£ö server alignment guard catches manual-brew drift for beverage recipes (0.8624ms)
Γ£ö service worker keeps AI Brew catalog data network-first to avoid stale production menus (0.7616ms)
Γ£ö runSmoke uses QA test-auth cookie flow when bearer token is absent (7.8448ms)
Γ£ö runSmoke auto-skips QA test-auth probe when local endpoint is unavailable (1.9734ms)
Γ£ö runSmoke fails when strict authenticated production smoke is skipped (1.8957ms)
Γ£ö guardTestAuthRequest rejects browser origins outside the allowlist (1.0946ms)
Γ£ö guardTestAuthRequest allows same-origin browser requests without QA_ALLOWED_ORIGINS (0.9616ms)
Γ£ö getAllowedTestAuthOrigins includes explicit allowlist and request host origin (0.8433ms)
Γ£ö applyTestAuthCors only reflects origins that pass validation (0.8927ms)
Γ£ö test-auth login handler rejects disallowed browser origin without issuing a cookie (1.0043ms)
Γ£ö test-auth login handler still succeeds for allowed same-origin QA login (1.3765ms)
Γ£ö test-auth login handler answers allowed preflight with credentials CORS headers (0.8672ms)
Γ£ö test-auth logout handler clears cookie for allowed same-origin QA logout (1.503ms)
Γ£ö ensureStoredTheme returns persisted light theme (1.3816ms)
Γ£ö ensureStoredTheme seeds the current system theme when value is missing or invalid (0.8728ms)
Γ£ö ensureStoredTheme can prefer system appearance over stored values for native shells (0.8366ms)
Γ£ö ensureStoredTheme returns safe default when storage access throws (0.8118ms)
Γ£ö parseTodoItemsFromStorage returns empty array for invalid JSON payload (0.7859ms)
Γ£ö parseTodoItemsFromStorage filters invalid entries and trims values (0.864ms)
Γ£ö parseTodoItemsFromStorage enforces safety caps for payload size and text length (1.2989ms)
Γ£ö Home grinder card deep links directly to the grind-size tools panel (0.8458ms)
Γ£ö non-English locales keep critical chat/tool copy localized (1.6461ms)
Γ£ö Indonesian guest auth errors never expose the English API fallback (1.1557ms)
Γ£ö translation placeholders remain intact across locales (1.0472ms)
Γ£ö search and loading copy stays context-specific across locales (1.0765ms)
Γ£ö normalizeZoomableViewportContent removes mobile zoom blockers (1.1064ms)
Γ£ö auth callback script posts success to opener and closes popup (2.5997ms)
Γ£ö auth callback script stores success result and returns to app without opener (1.7111ms)
Γ£ö auth callback script stores error result and returns to app without opener (1.3241ms)
Γ£ö auth callback error page points to public callback script and preserves safe returnTo (1.5801ms)
Γ£ö auth url stores a sanitized returnTo cookie (1.2928ms)
Γ£ö auth url uses the active request host when APP_URL and VERCEL_URL are missing (1.0498ms)
Γ£ö auth url falls back to the active local host with http when forwarded proto is absent (1.0679ms)
Γ£ö auth url can start Facebook OAuth with sanitized state cookies (1.2713ms)
Γ£ö auth callback success page uses the active request host when APP_URL and VERCEL_URL are missing (1.5505ms)
Γ£ö auth callback exchanges Facebook code and stores normalized profile (1.7469ms)
Γ£ö auth callback handles signed mobile OAuth state and returns app deep link (1.802ms)
Γä╣ tests 683
Γä╣ suites 0
Γä╣ pass 676
Γä╣ fail 3
Γä╣ cancelled 0
Γä╣ skipped 4
Γä╣ todo 0
Γä╣ duration_ms 161215.7633

Γ£û failing tests:

test at tests\unit\aiBrewMethodStyleCoverage.test.ts:42:1
Γ£û AI Brew method-style audit covers real methods, styles, guides, language, and UI surfaces (311.94ms)
  Error: Command failed: C:\Program Files\nodejs\node.exe --experimental-strip-types --import ./tests/unit/register-sandbox-loader.mjs scripts/ai-brew-method-style-audit.mjs --mode=matrix --case-limit=1000 --artifact-suffix=unit --no-docs
  node:internal/modules/run_main:107
      triggerUncaughtException(
      ^
  
  file:///C:/Users/Alpha/Downloads/Baristachaw/apps/web/src/features/ai-brew/workflowTutorials.ts:1248
    }
  };\n\nconst KALITA_WAVE_STYLE_TUTORIALS: Record<string, Record<WorkflowTutorialPhase, WorkflowTutorialCopy>> = {
    ^
    traditional_flat_three: {
  
  SyntaxError [ERR_INVALID_TYPESCRIPT_SYNTAX]: Expected unicode escape
      at parseTypeScript (node:internal/modules/typescript:72:36)
      at processTypeScriptCode (node:internal/modules/typescript:146:42)
      at stripTypeScriptModuleTypes (node:internal/modules/typescript:209:22)
      at ModuleLoader.<anonymous> (node:internal/modules/esm/translators:663:29)
      at #translate (node:internal/modules/esm/loader:473:20)
      at afterLoad (node:internal/modules/esm/loader:529:29)
      at ModuleLoader.loadAndTranslate (node:internal/modules/esm/loader:534:12)
      at #getOrCreateModuleJobAfterResolve (node:internal/modules/esm/loader:571:36)
      at afterResolve (node:internal/modules/esm/loader:624:52)
      at ModuleLoader.getOrCreateModuleJob (node:internal/modules/esm/loader:630:12) {
    code: 'ERR_INVALID_TYPESCRIPT_SYNTAX'
  }
  
  Node.js v24.12.0
  
      at genericNodeError (node:internal/errors:985:15)
      at wrappedFn (node:internal/errors:539:14)
      at checkExecSyncError (node:child_process:925:11)
      at execFileSync (node:child_process:961:15)
      at TestContext.<anonymous> (file:///C:/Users/Alpha/Downloads/Baristachaw/tests/unit/aiBrewMethodStyleCoverage.test.ts:43:18)
      at Test.runInAsyncScope (node:async_hooks:214:14)
      at Test.run (node:internal/test_runner/test:1106:25)
      at async Test.processPendingSubtests (node:internal/test_runner/test:788:7) {
    status: 1,
    signal: null,
    output: [ null, '', "node:internal/modules/run_main:107\r\n    triggerUncaughtException(\r\n    ^\r\n\r\nfile:///C:/Users/Alpha/Downloads/Baristachaw/apps/web/src/features/ai-brew/workflowTutorials.ts:1248\r\n  }\r\n};\\n\\nconst KALITA_WAVE_STYLE_TUTORIALS: Record<string, Record<WorkflowTutorialPhase, WorkflowTutorialCopy>> = {\r\n  ^\r\n  traditional_flat_three: {\r\n\r\nSyntaxError [ERR_INVALID_TYPESCRIPT_SYNTAX]: Expected unicode escape\r\n    at parseTypeScript (node:internal/modules/typescript:72:36)\r\n    at processTypeScriptCode (node:internal/modules/typescript:146:42)\r\n    at stripTypeScriptModuleTypes (node:internal/modules/typescript:209:22)\r\n    at ModuleLoader.<anonymous> (node:internal/modules/esm/translators:663:29)\r\n    at #translate (node:internal/modules/esm/loader:473:20)\r\n    at afterLoad (node:internal/modules/esm/loader:529:29)\r\n    at ModuleLoader.loadAndTranslate (node:internal/modules/esm/loader:534:12)\r\n    at #getOrCreateModuleJobAfterResolve (node:internal/modules/esm/loader:571:36)\r\n    at afterResolve (node:internal/modules/esm/loader:624:52)\r\n    at ModuleLoader.getOrCreateModuleJob (node:internal/modules/esm/loader:630:12) {\r\n  code: 'ERR_INVALID_TYPESCRIPT_SYNTAX'\r\n}\r\n\r\nNode.js v24.12.0\r\n" ],
    pid: 12196,
    stdout: '',
    stderr: "node:internal/modules/run_main:107\r\n    triggerUncaughtException(\r\n    ^\r\n\r\nfile:///C:/Users/Alpha/Downloads/Baristachaw/apps/web/src/features/ai-brew/workflowTutorials.ts:1248\r\n  }\r\n};\\n\\nconst KALITA_WAVE_STYLE_TUTORIALS: Record<string, Record<WorkflowTutorialPhase, WorkflowTutorialCopy>> = {\r\n  ^\r\n  traditional_flat_three: {\r\n\r\nSyntaxError [ERR_INVALID_TYPESCRIPT_SYNTAX]: Expected unicode escape\r\n    at parseTypeScript (node:internal/modules/typescript:72:36)\r\n    at processTypeScriptCode (node:internal/modules/typescript:146:42)\r\n    at stripTypeScriptModuleTypes (node:internal/modules/typescript:209:22)\r\n    at ModuleLoader.<anonymous> (node:internal/modules/esm/translators:663:29)\r\n    at #translate (node:internal/modules/esm/loader:473:20)\r\n    at afterLoad (node:internal/modules/esm/loader:529:29)\r\n    at ModuleLoader.loadAndTranslate (node:internal/modules/esm/loader:534:12)\r\n    at #getOrCreateModuleJobAfterResolve (node:internal/modules/esm/loader:571:36)\r\n    at afterResolve (node:internal/modules/esm/loader:624:52)\r\n    at ModuleLoader.getOrCreateModuleJob (node:internal/modules/esm/loader:630:12) {\r\n  code: 'ERR_INVALID_TYPESCRIPT_SYNTAX'\r\n}\r\n\r\nNode.js v24.12.0\r\n"
  }

test at tests\unit\aiBrewPlanner.test.ts:7552:1
Γ£û French Press production styles keep ratio envelope, Volvic-like water label, and rendered copy safe (16.4358ms)
  AssertionError [ERR_ASSERTION]: auto finish 510
      at TestContext.<anonymous> (file:///C:/Users/Alpha/Downloads/Baristachaw/tests/unit/aiBrewPlanner.test.ts:7590:12)
      at Test.runInAsyncScope (node:async_hooks:214:14)
      at Test.run (node:internal/test_runner/test:1106:25)
      at async Test.processPendingSubtests (node:internal/test_runner/test:788:7) {
    generatedMessage: false,
    code: 'ERR_ASSERTION',
    actual: false,
    expected: true,
    operator: '==',
    diff: 'simple'
  }

Γ£û tests\unit\aiBrewWorkflowTutorials.test.ts (0.7405ms)
  file:///C:/Users/Alpha/Downloads/Baristachaw/apps/web/src/features/ai-brew/workflowTutorials.ts:1248
    }
  };\n\nconst KALITA_WAVE_STYLE_TUTORIALS: Record<string, Record<WorkflowTutorialPhase, WorkflowTutorialCopy>> = {
    ^
    traditional_flat_three: {
  
  SyntaxError [ERR_INVALID_TYPESCRIPT_SYNTAX]: Expected unicode escape
      at parseTypeScript (node:internal/modules/typescript:72:36)
      at processTypeScriptCode (node:internal/modules/typescript:146:42)
      at stripTypeScriptModuleTypes (node:internal/modules/typescript:209:22)
      at ModuleLoader.<anonymous> (node:internal/modules/esm/translators:663:29)
      at #translate (node:internal/modules/esm/loader:473:20)
      at afterLoad (node:internal/modules/esm/loader:529:29)
      at ModuleLoader.loadAndTranslate (node:internal/modules/esm/loader:534:12)
      at #getOrCreateModuleJobAfterResolve (node:internal/modules/esm/loader:571:36)
      at afterResolve (node:internal/modules/esm/loader:624:52)
      at ModuleLoader.getOrCreateModuleJob (node:internal/modules/esm/loader:630:12) {
    code: 'ERR_INVALID_TYPESCRIPT_SYNTAX'
  }
